using the file conf/MarketAgent.json

-------------------------------------------------------------------
GMS: address=vagrant-27432, cluster=TE_Market, physical address=10.0.2.15:51223
-------------------------------------------------------------------
06:59:07.902 [main] INFO  gov.nist.hla.te.marketagent.MarketAgent - opening day ahead price file at conf/dayAheadPrices.csv
06:59:07.905 [main] INFO  gov.nist.hla.te.marketagent.MarketAgent - opening transformer file at conf/transformers.csv
06:59:07.906 [main] INFO  gov.nist.hla.te.marketagent.MarketAgent - initialized new market with id = R4_12_47_1_xfmr_122
06:59:07.907 [main] INFO  gov.nist.hla.te.marketagent.MarketAgent - initialized new market with id = R4_12_47_1_xfmr_123
06:59:07.908 [main] INFO  gov.nist.hla.te.marketagent.MarketAgent - waiting on readyToPopulate...
06:59:13.028 [main] INFO  gov.nist.hla.te.marketagent.MarketAgent - ...synchronized on readyToPopulate
06:59:13.028 [main] INFO  gov.nist.hla.te.marketagent.MarketAgent - waiting to receive SimTime...
06:59:14.034 [main] INFO  gov.nist.hla.te.marketagent.MarketAgent - waiting to receive SimTime...
06:59:14.039 [main] INFO  gov.nist.hla.te.marketagent.MarketAgent - received SimTime starting at 2017-07-05T17:00-07:00[America/Phoenix]
06:59:14.039 [main] INFO  gov.nist.hla.te.marketagent.MarketAgent - waiting on readyToRun...
06:59:14.291 [main] INFO  gov.nist.hla.te.marketagent.MarketAgent - ...synchronized on readyToRun
06:59:14.293 [main] INFO  gov.nist.hla.te.marketagent.MarketAgent - started logical time progression
06:59:14.295 [main] INFO  gov.nist.hla.te.marketagent.MarketAgent - t = 0.0 / 2017-07-05T17:00-07:00[America/Phoenix]
06:59:14.295 [main] INFO  gov.nist.hla.te.marketagent.MarketAgent - starting new market for 2017-07-05T17:00-07:00[America/Phoenix]
06:59:14.333 [main] INFO  gov.nist.hla.te.marketagent.MarketAgent - market_round 1
06:59:14.342 [main] INFO  gov.nist.hla.te.marketagent.MarketAgent - R4_12_47_1_xfmr_123 buy quote price 0.0487 0.0536 0.0762 0.0512 0.0433 0.0334 0.0298 0.0293 0.0269 0.0256 0.0249 0.0249 0.0261 0.0310 0.0300 0.0259 0.0288 0.0333 0.0359 0.0365 0.0391 0.0430 0.0467 0.0503
06:59:14.342 [main] INFO  gov.nist.hla.te.marketagent.MarketAgent - R4_12_47_1_xfmr_123 buy quote quantity 18.7500 18.7500 18.7500 18.7500 18.7500 18.7500 18.7500 18.7500 18.7500 18.7500 18.7500 18.7500 18.7500 18.7500 18.7500 18.7500 18.7500 18.7500 18.7500 18.7500 18.7500 18.7500 18.7500 18.7500
06:59:14.342 [main] INFO  gov.nist.hla.te.marketagent.MarketAgent - R4_12_47_1_xfmr_123 sell quote price 0.0487 0.0536 0.0762 0.0512 0.0433 0.0334 0.0298 0.0293 0.0269 0.0256 0.0249 0.0249 0.0261 0.0310 0.0300 0.0259 0.0288 0.0333 0.0359 0.0365 0.0391 0.0430 0.0467 0.0503
06:59:14.342 [main] INFO  gov.nist.hla.te.marketagent.MarketAgent - R4_12_47_1_xfmr_123 sell quote quantity 18.7500 18.7500 18.7500 18.7500 18.7500 18.7500 18.7500 18.7500 18.7500 18.7500 18.7500 18.7500 18.7500 18.7500 18.7500 18.7500 18.7500 18.7500 18.7500 18.7500 18.7500 18.7500 18.7500 18.7500
06:59:14.346 [main] INFO  gov.nist.hla.te.marketagent.MarketAgent - R4_12_47_1_xfmr_122 buy quote price 0.0487 0.0536 0.0762 0.0512 0.0433 0.0334 0.0298 0.0293 0.0269 0.0256 0.0249 0.0249 0.0261 0.0310 0.0300 0.0259 0.0288 0.0333 0.0359 0.0365 0.0391 0.0430 0.0467 0.0503
06:59:14.346 [main] INFO  gov.nist.hla.te.marketagent.MarketAgent - R4_12_47_1_xfmr_122 buy quote quantity 7.5000 7.5000 7.5000 7.5000 7.5000 7.5000 7.5000 7.5000 7.5000 7.5000 7.5000 7.5000 7.5000 7.5000 7.5000 7.5000 7.5000 7.5000 7.5000 7.5000 7.5000 7.5000 7.5000 7.5000
06:59:14.346 [main] INFO  gov.nist.hla.te.marketagent.MarketAgent - R4_12_47_1_xfmr_122 sell quote price 0.0487 0.0536 0.0762 0.0512 0.0433 0.0334 0.0298 0.0293 0.0269 0.0256 0.0249 0.0249 0.0261 0.0310 0.0300 0.0259 0.0288 0.0333 0.0359 0.0365 0.0391 0.0430 0.0467 0.0503
06:59:14.346 [main] INFO  gov.nist.hla.te.marketagent.MarketAgent - R4_12_47_1_xfmr_122 sell quote quantity 7.5000 7.5000 7.5000 7.5000 7.5000 7.5000 7.5000 7.5000 7.5000 7.5000 7.5000 7.5000 7.5000 7.5000 7.5000 7.5000 7.5000 7.5000 7.5000 7.5000 7.5000 7.5000 7.5000 7.5000
06:59:15.372 [main] INFO  gov.nist.hla.te.marketagent.MarketAgent - R4_12_47_1_xfmr_123:House-3 buy transaction price 0.0487 0.0536 0.0762 0.0512 0.0433 0.0334 0.0298 0.0293 0.0269 0.0256 0.0249 0.0249 0.0261 0.0310 0.0300 0.0259 0.0288 0.0333 0.0359 0.0365 0.0391 0.0430 0.0467 0.0503
06:59:15.372 [main] INFO  gov.nist.hla.te.marketagent.MarketAgent - R4_12_47_1_xfmr_123:House-3 buy transaction quantity 0.3698 0.0000 0.0000 0.0000 0.0000 0.0000 0.0000 0.0000 0.0000 0.0000 0.0000 0.0000 0.0000 0.0000 0.0000 0.7755 1.2586 1.3338 1.3559 1.1697 1.1256 1.1166 0.7225 0.4689
06:59:15.373 [main] INFO  gov.nist.hla.te.marketagent.MarketAgent - R4_12_47_1_xfmr_123:House-4 sell transaction price 0.0487 0.0536 0.0762 0.0512 0.0433 0.0334 0.0298 0.0293 0.0269 0.0256 0.0249 0.0249 0.0261 0.0310 0.0300 0.0259 0.0288 0.0333 0.0359 0.0365 0.0391 0.0430 0.0467 0.0503
06:59:15.373 [main] INFO  gov.nist.hla.te.marketagent.MarketAgent - R4_12_47_1_xfmr_123:House-4 sell transaction quantity 0.0000 0.0000 0.0000 1.5790 2.3856 2.0318 1.4382 1.2380 0.7518 0.7050 0.8140 0.7977 0.9015 0.7033 0.0000 0.0000 0.0000 0.0000 0.0000 0.0000 0.0000 0.0000 0.0000 0.0000
06:59:15.377 [main] INFO  gov.nist.hla.te.marketagent.MarketAgent - R4_12_47_1_xfmr_123:House-4 buy transaction price 0.0487 0.0536 0.0762 0.0512 0.0433 0.0334 0.0298 0.0293 0.0269 0.0256 0.0249 0.0249 0.0261 0.0310 0.0300 0.0259 0.0288 0.0333 0.0359 0.0365 0.0391 0.0430 0.0467 0.0503
06:59:15.377 [main] INFO  gov.nist.hla.te.marketagent.MarketAgent - R4_12_47_1_xfmr_123:House-4 buy transaction quantity 1.3321 2.0955 0.1933 0.0000 0.0000 0.0000 0.0000 0.0000 0.0000 0.0000 0.0000 0.0000 0.0000 0.0000 0.0837 1.0532 1.5608 2.0095 1.9955 1.6372 0.9870 0.8733 1.2044 1.0153
06:59:15.379 [main] INFO  gov.nist.hla.te.marketagent.MarketAgent - R4_12_47_1_xfmr_123:House-1 sell transaction price 0.0487 0.0536 0.0762 0.0512 0.0433 0.0334 0.0298 0.0293 0.0269 0.0256 0.0249 0.0249 0.0261 0.0310 0.0300 0.0259 0.0288 0.0333 0.0359 0.0365 0.0391 0.0430 0.0467 0.0503
06:59:15.380 [main] INFO  gov.nist.hla.te.marketagent.MarketAgent - R4_12_47_1_xfmr_123:House-1 sell transaction quantity 0.0000 0.0000 0.9873 2.4534 2.6575 2.1176 1.3081 1.3212 1.0142 1.0513 1.2360 1.5338 1.2907 1.2048 0.6480 0.0000 0.0000 0.0000 0.0000 0.0000 0.0000 0.0000 0.0000 0.0000
06:59:15.381 [main] INFO  gov.nist.hla.te.marketagent.MarketAgent - R4_12_47_1_xfmr_123:House-2 buy transaction price 0.0487 0.0536 0.0762 0.0512 0.0433 0.0334 0.0298 0.0293 0.0269 0.0256 0.0249 0.0249 0.0261 0.0310 0.0300 0.0259 0.0288 0.0333 0.0359 0.0365 0.0391 0.0430 0.0467 0.0503
06:59:15.381 [main] INFO  gov.nist.hla.te.marketagent.MarketAgent - R4_12_47_1_xfmr_123:House-2 buy transaction quantity 2.1409 2.5012 0.4693 0.0000 0.0000 0.0000 0.0000 0.0000 0.0000 0.0000 0.0000 0.0000 0.0000 0.0000 0.0000 0.2662 0.9264 1.2079 1.3293 0.6380 0.0000 0.0000 0.0000 0.0000
06:59:15.383 [main] INFO  gov.nist.hla.te.marketagent.MarketAgent - R4_12_47_1_xfmr_123:House-1 buy transaction price 0.0487 0.0536 0.0762 0.0512 0.0433 0.0334 0.0298 0.0293 0.0269 0.0256 0.0249 0.0249 0.0261 0.0310 0.0300 0.0259 0.0288 0.0333 0.0359 0.0365 0.0391 0.0430 0.0467 0.0503
06:59:15.383 [main] INFO  gov.nist.hla.te.marketagent.MarketAgent - R4_12_47_1_xfmr_123:House-1 buy transaction quantity 0.5227 0.9455 0.0000 0.0000 0.0000 0.0000 0.0000 0.0000 0.0000 0.0000 0.0000 0.0000 0.0000 0.0000 0.0000 0.0653 0.5245 0.9151 1.0827 0.4524 0.8503 0.8115 0.5390 0.3390
06:59:15.385 [main] INFO  gov.nist.hla.te.marketagent.MarketAgent - R4_12_47_1_xfmr_123:House-2 sell transaction price 0.0487 0.0536 0.0762 0.0512 0.0433 0.0334 0.0298 0.0293 0.0269 0.0256 0.0249 0.0249 0.0261 0.0310 0.0300 0.0259 0.0288 0.0333 0.0359 0.0365 0.0391 0.0430 0.0467 0.0503
06:59:15.385 [main] INFO  gov.nist.hla.te.marketagent.MarketAgent - R4_12_47_1_xfmr_123:House-2 sell transaction quantity 0.0000 0.0000 0.0000 1.7288 2.6565 3.5529 2.4974 2.0806 1.7994 2.0097 1.9394 1.6253 1.4382 1.3988 0.5778 0.0000 0.0000 0.0000 0.0000 0.0000 0.0057 0.3587 0.6183 0.5228
06:59:15.387 [main] INFO  gov.nist.hla.te.marketagent.MarketAgent - R4_12_47_1_xfmr_123:House-3 sell transaction price 0.0487 0.0536 0.0762 0.0512 0.0433 0.0334 0.0298 0.0293 0.0269 0.0256 0.0249 0.0249 0.0261 0.0310 0.0300 0.0259 0.0288 0.0333 0.0359 0.0365 0.0391 0.0430 0.0467 0.0503
06:59:15.387 [main] INFO  gov.nist.hla.te.marketagent.MarketAgent - R4_12_47_1_xfmr_123:House-3 sell transaction quantity 0.0000 0.0162 1.0276 1.8433 1.7701 1.3854 1.0393 1.0960 0.8227 0.8432 0.9886 1.0166 0.9279 0.6246 0.0530 0.0000 0.0000 0.0000 0.0000 0.0000 0.0000 0.0000 0.0000 0.0000
06:59:15.388 [main] INFO  gov.nist.hla.te.marketagent.MarketAgent - R4_12_47_1_xfmr_122:House-1 sell transaction price 0.0487 0.0536 0.0762 0.0512 0.0433 0.0334 0.0298 0.0293 0.0269 0.0256 0.0249 0.0249 0.0261 0.0310 0.0300 0.0259 0.0288 0.0333 0.0359 0.0365 0.0391 0.0430 0.0467 0.0503
06:59:15.388 [main] INFO  gov.nist.hla.te.marketagent.MarketAgent - R4_12_47_1_xfmr_122:House-1 sell transaction quantity 1.3407 0.9443 1.8755 2.6660 2.4372 2.7676 2.0883 2.1994 1.5950 1.7485 1.7599 1.7257 1.5301 1.2621 0.3037 0.2319 0.2919 0.7218 0.5242 0.6093 1.0087 1.5650 2.1564 2.5186
06:59:15.390 [main] INFO  gov.nist.hla.te.marketagent.MarketAgent - market_round 2
06:59:15.394 [main] INFO  gov.nist.hla.te.marketagent.MarketAgent - R4_12_47_1_xfmr_123 buy quote price 0.0487 0.0536 0.0762 0.0512 0.0433 0.0334 0.0298 0.0293 0.0269 0.0256 0.0249 0.0249 0.0261 0.0310 0.0300 0.0259 0.0288 0.0333 0.0359 0.0365 0.0391 0.0430 0.0467 0.0503
06:59:15.394 [main] INFO  gov.nist.hla.te.marketagent.MarketAgent - R4_12_47_1_xfmr_123 buy quote quantity 14.3845 13.2240 20.1023 26.3545 28.2197 27.8377 25.0330 24.4858 23.1381 23.3592 23.7280 23.7234 23.3083 22.6815 19.9451 16.5898 14.4797 13.2837 12.9866 14.8527 15.7928 16.3073 16.9024 17.4496
06:59:15.394 [main] INFO  gov.nist.hla.te.marketagent.MarketAgent - R4_12_47_1_xfmr_123 sell quote price 0.0487 0.0536 0.0762 0.0512 0.0433 0.0334 0.0298 0.0293 0.0269 0.0256 0.0249 0.0249 0.0261 0.0310 0.0300 0.0259 0.0288 0.0333 0.0359 0.0365 0.0391 0.0430 0.0467 0.0503
06:59:15.394 [main] INFO  gov.nist.hla.te.marketagent.MarketAgent - R4_12_47_1_xfmr_123 sell quote quantity 23.1155 24.2760 17.3977 11.1455 9.2803 9.6623 12.4670 13.0142 14.3619 14.1408 13.7720 13.7766 14.1917 14.8185 17.5549 20.9102 23.0203 24.2163 24.5134 22.6473 21.7072 21.1927 20.5976 20.0504
06:59:15.397 [main] INFO  gov.nist.hla.te.marketagent.MarketAgent - R4_12_47_1_xfmr_122 buy quote price 0.0487 0.0536 0.0762 0.0512 0.0433 0.0334 0.0298 0.0293 0.0269 0.0256 0.0249 0.0249 0.0261 0.0310 0.0300 0.0259 0.0288 0.0333 0.0359 0.0365 0.0391 0.0430 0.0467 0.0503
06:59:15.397 [main] INFO  gov.nist.hla.te.marketagent.MarketAgent - R4_12_47_1_xfmr_122 buy quote quantity 8.8407 8.4443 9.3755 10.1660 9.9372 10.2676 9.5883 9.6994 9.0950 9.2485 9.2599 9.2257 9.0301 8.7621 7.8037 7.7319 7.7919 8.2218 8.0242 8.1093 8.5087 9.0650 9.6564 10.0186
06:59:15.398 [main] INFO  gov.nist.hla.te.marketagent.MarketAgent - R4_12_47_1_xfmr_122 sell quote price 0.0487 0.0536 0.0762 0.0512 0.0433 0.0334 0.0298 0.0293 0.0269 0.0256 0.0249 0.0249 0.0261 0.0310 0.0300 0.0259 0.0288 0.0333 0.0359 0.0365 0.0391 0.0430 0.0467 0.0503
06:59:15.398 [main] INFO  gov.nist.hla.te.marketagent.MarketAgent - R4_12_47_1_xfmr_122 sell quote quantity 6.1593 6.5557 5.6245 4.8340 5.0628 4.7324 5.4117 5.3006 5.9050 5.7515 5.7401 5.7743 5.9699 6.2379 7.1963 7.2681 7.2081 6.7782 6.9758 6.8907 6.4913 5.9350 5.3436 4.9814
06:59:15.803 [main] INFO  gov.nist.hla.te.marketagent.MarketAgent - R4_12_47_1_xfmr_123:House-4-vehicle sell transaction price 0.0487 0.0536 0.0762 0.0512 0.0433 0.0334 0.0298 0.0293 0.0269 0.0256 0.0249 0.0249 0.0261 0.0310 0.0300 0.0259 0.0288 0.0333 0.0359 0.0365 0.0391 0.0430 0.0467 0.0503
06:59:15.803 [main] INFO  gov.nist.hla.te.marketagent.MarketAgent - R4_12_47_1_xfmr_123:House-4-vehicle sell transaction quantity 0.0000 0.0000 0.0000 0.0000 0.0000 1.6662 6.5626 6.5071 7.1810 5.6090 3.6279 4.5922 7.0959 7.2000 7.2000 0.0000 0.0000 0.0000 0.0000 0.0000 0.0000 0.0000 0.0000 0.0000
06:59:15.805 [main] INFO  gov.nist.hla.te.marketagent.MarketAgent - R4_12_47_1_xfmr_123:House-2-vehicle sell transaction price 0.0487 0.0536 0.0762 0.0512 0.0433 0.0334 0.0298 0.0293 0.0269 0.0256 0.0249 0.0249 0.0261 0.0310 0.0300 0.0259 0.0288 0.0333 0.0359 0.0365 0.0391 0.0430 0.0467 0.0503
06:59:15.805 [main] INFO  gov.nist.hla.te.marketagent.MarketAgent - R4_12_47_1_xfmr_123:House-2-vehicle sell transaction quantity 0.0000 0.0000 0.0000 0.0000 0.0000 0.0000 0.0000 0.0000 0.0000 0.0000 2.8883 0.0000 0.0000 0.0000 0.0000 0.0000 0.0000 0.0000 0.0000 0.0000 0.0000 0.0000 0.0000 0.0000
06:59:15.811 [main] INFO  gov.nist.hla.te.marketagent.MarketAgent - R4_12_47_1_xfmr_123:House-3-vehicle sell transaction price 0.0487 0.0536 0.0762 0.0512 0.0433 0.0334 0.0298 0.0293 0.0269 0.0256 0.0249 0.0249 0.0261 0.0310 0.0300 0.0259 0.0288 0.0333 0.0359 0.0365 0.0391 0.0430 0.0467 0.0503
06:59:15.811 [main] INFO  gov.nist.hla.te.marketagent.MarketAgent - R4_12_47_1_xfmr_123:House-3-vehicle sell transaction quantity 0.0000 0.0000 0.0000 0.0000 0.0000 0.0000 0.0000 0.0000 0.0000 2.9228 3.6279 4.5922 0.0000 0.0000 0.0000 0.0000 0.0000 0.0000 0.0000 0.0000 0.0000 0.0000 0.0000 0.0000
06:59:15.813 [main] INFO  gov.nist.hla.te.marketagent.MarketAgent - R4_12_47_1_xfmr_123:House-1-vehicle sell transaction price 0.0487 0.0536 0.0762 0.0512 0.0433 0.0334 0.0298 0.0293 0.0269 0.0256 0.0249 0.0249 0.0261 0.0310 0.0300 0.0259 0.0288 0.0333 0.0359 0.0365 0.0391 0.0430 0.0467 0.0503
06:59:15.813 [main] INFO  gov.nist.hla.te.marketagent.MarketAgent - R4_12_47_1_xfmr_123:House-1-vehicle sell transaction quantity 0.0000 0.0000 0.0000 0.0000 0.0000 0.0000 5.9044 6.5071 7.1810 5.6090 3.6279 4.5922 7.0959 0.0000 0.0000 0.0000 0.0000 0.0000 0.0000 0.0000 0.0000 0.0000 0.0000 0.0000
06:59:15.814 [main] INFO  gov.nist.hla.te.marketagent.MarketAgent - R4_12_47_1_xfmr_122:House-1-vehicle sell transaction price 0.0487 0.0536 0.0762 0.0512 0.0433 0.0334 0.0298 0.0293 0.0269 0.0256 0.0249 0.0249 0.0261 0.0310 0.0300 0.0259 0.0288 0.0333 0.0359 0.0365 0.0391 0.0430 0.0467 0.0503
06:59:15.814 [main] INFO  gov.nist.hla.te.marketagent.MarketAgent - R4_12_47_1_xfmr_122:House-1-vehicle sell transaction quantity 0.0000 0.0000 0.0000 0.0000 0.0000 0.0000 0.0000 0.0000 0.0000 0.0000 5.0836 0.0000 0.0000 0.0000 0.0000 0.0000 0.0000 0.0000 0.0000 0.0000 0.0000 0.0000 0.0000 0.0000
06:59:15.814 [main] INFO  gov.nist.hla.te.marketagent.MarketAgent - market_round 3
06:59:15.816 [main] INFO  gov.nist.hla.te.marketagent.MarketAgent - R4_12_47_1_xfmr_123 buy quote price 0.0487 0.0536 0.0762 0.0512 0.0433 0.0334 0.0298 0.0293 0.0269 0.0256 0.0249 0.0249 0.0261 0.0310 0.0300 0.0259 0.0288 0.0333 0.0359 0.0365 0.0391 0.0430 0.0467 0.0503
06:59:15.816 [main] INFO  gov.nist.hla.te.marketagent.MarketAgent - R4_12_47_1_xfmr_123 buy quote quantity 14.3845 13.2240 20.1023 26.3545 28.2197 29.5039 37.5000 37.5000 37.5000 37.5000 37.5000 37.5000 37.5000 29.8815 27.1451 16.5898 14.4797 13.2837 12.9866 14.8527 15.7928 16.3073 16.9024 17.4496
06:59:15.816 [main] INFO  gov.nist.hla.te.marketagent.MarketAgent - R4_12_47_1_xfmr_123 sell quote price 0.0487 0.0536 0.0762 0.0512 0.0433 0.0334 0.0325 0.0319 0.0293 0.0279 0.0271 0.0271 0.0284 0.0310 0.0300 0.0259 0.0288 0.0333 0.0359 0.0365 0.0391 0.0430 0.0467 0.0503
06:59:15.816 [main] INFO  gov.nist.hla.te.marketagent.MarketAgent - R4_12_47_1_xfmr_123 sell quote quantity 23.1155 24.2760 17.3977 11.1455 9.2803 7.9961 4.5000 4.5000 4.5000 4.5000 4.5000 4.5000 4.5000 7.6185 10.3549 20.9102 23.0203 24.2163 24.5134 22.6473 21.7072 21.1927 20.5976 20.0504
06:59:15.818 [main] INFO  gov.nist.hla.te.marketagent.MarketAgent - R4_12_47_1_xfmr_122 buy quote price 0.0487 0.0536 0.0762 0.0512 0.0433 0.0334 0.0298 0.0293 0.0269 0.0256 0.0249 0.0249 0.0261 0.0310 0.0300 0.0259 0.0288 0.0333 0.0359 0.0365 0.0391 0.0430 0.0467 0.0503
06:59:15.818 [main] INFO  gov.nist.hla.te.marketagent.MarketAgent - R4_12_47_1_xfmr_122 buy quote quantity 8.8407 8.4443 9.3755 10.1660 9.9372 10.2676 9.5883 9.6994 9.0950 9.2485 14.3435 9.2257 9.0301 8.7621 7.8037 7.7319 7.7919 8.2218 8.0242 8.1093 8.5087 9.0650 9.6564 10.0186
06:59:15.820 [main] INFO  gov.nist.hla.te.marketagent.MarketAgent - R4_12_47_1_xfmr_122 sell quote price 0.0487 0.0536 0.0762 0.0512 0.0433 0.0334 0.0298 0.0293 0.0269 0.0256 0.0249 0.0249 0.0261 0.0310 0.0300 0.0259 0.0288 0.0333 0.0359 0.0365 0.0391 0.0430 0.0467 0.0503
06:59:15.820 [main] INFO  gov.nist.hla.te.marketagent.MarketAgent - R4_12_47_1_xfmr_122 sell quote quantity 6.1593 6.5557 5.6245 4.8340 5.0628 4.7324 5.4117 5.3006 5.9050 5.7515 0.6565 5.7743 5.9699 6.2379 7.1963 7.2681 7.2081 6.7782 6.9758 6.8907 6.4913 5.9350 5.3436 4.9814
06:59:16.226 [main] INFO  gov.nist.hla.te.marketagent.MarketAgent - R4_12_47_1_xfmr_123:House-1-vehicle sell transaction price 0.0487 0.0536 0.0762 0.0512 0.0433 0.0334 0.0325 0.0319 0.0293 0.0279 0.0271 0.0271 0.0284 0.0310 0.0300 0.0259 0.0288 0.0333 0.0359 0.0365 0.0391 0.0430 0.0467 0.0503
06:59:16.226 [main] INFO  gov.nist.hla.te.marketagent.MarketAgent - R4_12_47_1_xfmr_123:House-1-vehicle sell transaction quantity 0.0000 0.0000 0.0000 0.0000 0.0000 0.0000 0.0000 0.0000 0.0190 1.5910 1.1854 1.5000 0.1041 0.0000 1.2664 0.0000 0.0000 0.0000 0.0000 0.0000 0.0000 0.0000 0.0000 0.0000
06:59:16.228 [main] INFO  gov.nist.hla.te.marketagent.MarketAgent - R4_12_47_1_xfmr_123:House-4-vehicle sell transaction price 0.0487 0.0536 0.0762 0.0512 0.0433 0.0334 0.0325 0.0319 0.0293 0.0279 0.0271 0.0271 0.0284 0.0310 0.0300 0.0259 0.0288 0.0333 0.0359 0.0365 0.0391 0.0430 0.0467 0.0503
06:59:16.228 [main] INFO  gov.nist.hla.te.marketagent.MarketAgent - R4_12_47_1_xfmr_123:House-4-vehicle sell transaction quantity 0.0000 0.0000 0.0000 0.0000 0.0000 0.0000 0.6374 0.6929 0.0190 1.5910 1.1854 1.5000 0.1041 0.0000 0.0000 0.0000 0.0000 0.0000 0.0000 0.0000 0.0000 0.0000 0.0000 0.0000
06:59:16.229 [main] INFO  gov.nist.hla.te.marketagent.MarketAgent - R4_12_47_1_xfmr_123:House-2-vehicle sell transaction price 0.0487 0.0536 0.0762 0.0512 0.0433 0.0334 0.0325 0.0319 0.0293 0.0279 0.0271 0.0271 0.0284 0.0310 0.0300 0.0259 0.0288 0.0333 0.0359 0.0365 0.0391 0.0430 0.0467 0.0503
06:59:16.229 [main] INFO  gov.nist.hla.te.marketagent.MarketAgent - R4_12_47_1_xfmr_123:House-2-vehicle sell transaction quantity 0.0000 0.0000 0.0000 0.0000 0.0000 0.0000 0.0000 0.0000 0.0000 0.0000 0.9438 0.0000 0.0000 0.0000 0.0000 0.0000 0.0000 0.0000 0.0000 0.0000 0.0000 0.0000 0.0000 0.0000
06:59:16.230 [main] INFO  gov.nist.hla.te.marketagent.MarketAgent - R4_12_47_1_xfmr_123:House-3-vehicle sell transaction price 0.0487 0.0536 0.0762 0.0512 0.0433 0.0334 0.0325 0.0319 0.0293 0.0279 0.0271 0.0271 0.0284 0.0310 0.0300 0.0259 0.0288 0.0333 0.0359 0.0365 0.0391 0.0430 0.0467 0.0503
06:59:16.230 [main] INFO  gov.nist.hla.te.marketagent.MarketAgent - R4_12_47_1_xfmr_123:House-3-vehicle sell transaction quantity 0.0000 0.0000 0.0000 0.0000 0.0000 0.0000 0.0000 0.0000 0.0000 0.8291 1.1854 1.5000 0.0000 0.0000 0.0000 0.0000 0.0000 0.0000 0.0000 0.0000 0.0000 0.0000 0.0000 0.0000
06:59:16.232 [main] INFO  gov.nist.hla.te.marketagent.MarketAgent - market_round 4
06:59:16.233 [main] INFO  gov.nist.hla.te.marketagent.MarketAgent - R4_12_47_1_xfmr_123 buy quote price 0.0487 0.0536 0.0762 0.0512 0.0433 0.0334 0.0325 0.0319 0.0293 0.0279 0.0271 0.0271 0.0284 0.0310 0.0300 0.0259 0.0288 0.0333 0.0359 0.0365 0.0391 0.0430 0.0467 0.0503
06:59:16.233 [main] INFO  gov.nist.hla.te.marketagent.MarketAgent - R4_12_47_1_xfmr_123 buy quote quantity 14.3845 13.2240 20.1023 26.3545 28.2197 29.5039 0.6374 0.6929 0.0380 4.0111 4.5000 4.5000 0.2082 29.8815 28.4115 16.5898 14.4797 13.2837 12.9866 14.8527 15.7928 16.3073 16.9024 17.4496
06:59:16.234 [main] INFO  gov.nist.hla.te.marketagent.MarketAgent - R4_12_47_1_xfmr_123 sell quote price 0.0487 0.0536 0.0762 0.0512 0.0433 0.0334 0.0325 0.0319 0.0293 0.0279 0.0325 0.0325 0.0284 0.0310 0.0300 0.0259 0.0288 0.0333 0.0359 0.0365 0.0391 0.0430 0.0467 0.0503
06:59:16.234 [main] INFO  gov.nist.hla.te.marketagent.MarketAgent - R4_12_47_1_xfmr_123 sell quote quantity 23.1155 24.2760 17.3977 11.1455 9.2803 7.9961 3.8626 3.8071 4.4620 0.4889 3.7500 3.7500 4.2918 7.6185 9.0885 20.9102 23.0203 24.2163 24.5134 22.6473 21.7072 21.1927 20.5976 20.0504
06:59:16.235 [main] INFO  gov.nist.hla.te.marketagent.MarketAgent - R4_12_47_1_xfmr_122 buy quote price 0.0487 0.0536 0.0762 0.0512 0.0433 0.0334 0.0298 0.0293 0.0269 0.0256 0.0249 0.0249 0.0261 0.0310 0.0300 0.0259 0.0288 0.0333 0.0359 0.0365 0.0391 0.0430 0.0467 0.0503
06:59:16.235 [main] INFO  gov.nist.hla.te.marketagent.MarketAgent - R4_12_47_1_xfmr_122 buy quote quantity 8.8407 8.4443 9.3755 10.1660 9.9372 10.2676 9.5883 9.6994 9.0950 9.2485 14.3435 9.2257 9.0301 8.7621 7.8037 7.7319 7.7919 8.2218 8.0242 8.1093 8.5087 9.0650 9.6564 10.0186
06:59:16.236 [main] INFO  gov.nist.hla.te.marketagent.MarketAgent - R4_12_47_1_xfmr_122 sell quote price 0.0487 0.0536 0.0762 0.0512 0.0433 0.0334 0.0298 0.0293 0.0269 0.0256 0.0249 0.0249 0.0261 0.0310 0.0300 0.0259 0.0288 0.0333 0.0359 0.0365 0.0391 0.0430 0.0467 0.0503
06:59:16.236 [main] INFO  gov.nist.hla.te.marketagent.MarketAgent - R4_12_47_1_xfmr_122 sell quote quantity 6.1593 6.5557 5.6245 4.8340 5.0628 4.7324 5.4117 5.3006 5.9050 5.7515 0.6565 5.7743 5.9699 6.2379 7.1963 7.2681 7.2081 6.7782 6.9758 6.8907 6.4913 5.9350 5.3436 4.9814
06:59:16.851 [main] INFO  gov.nist.hla.te.marketagent.MarketAgent - R4_12_47_1_xfmr_123:House-4-vehicle sell transaction price 0.0487 0.0536 0.0762 0.0512 0.0433 0.0334 0.0325 0.0319 0.0293 0.0279 0.0325 0.0325 0.0284 0.0310 0.0300 0.0259 0.0288 0.0333 0.0359 0.0365 0.0391 0.0430 0.0467 0.0503
06:59:16.851 [main] INFO  gov.nist.hla.te.marketagent.MarketAgent - R4_12_47_1_xfmr_123:House-4-vehicle sell transaction quantity 0.0000 0.0000 0.0000 0.0000 0.0000 0.0000 0.0000 0.0000 0.0000 0.0000 2.3867 1.1078 0.0000 0.0000 0.0000 0.0000 0.0000 0.0000 0.0000 0.0000 0.0000 0.0000 0.0000 0.0000
06:59:16.852 [main] INFO  gov.nist.hla.te.marketagent.MarketAgent - R4_12_47_1_xfmr_123:House-1-vehicle sell transaction price 0.0487 0.0536 0.0762 0.0512 0.0433 0.0334 0.0325 0.0319 0.0293 0.0279 0.0325 0.0325 0.0284 0.0310 0.0300 0.0259 0.0288 0.0333 0.0359 0.0365 0.0391 0.0430 0.0467 0.0503
06:59:16.854 [main] INFO  gov.nist.hla.te.marketagent.MarketAgent - R4_12_47_1_xfmr_123:House-1-vehicle sell transaction quantity 0.0000 0.0000 0.0000 0.0000 0.0000 0.0000 0.0000 0.0000 0.0000 0.0000 0.0000 0.0000 0.0000 0.0000 3.4945 0.0000 0.0000 0.0000 0.0000 0.0000 0.0000 0.0000 0.0000 0.0000
06:59:16.856 [main] INFO  gov.nist.hla.te.marketagent.MarketAgent - R4_12_47_1_xfmr_123:House-3-vehicle sell transaction price 0.0487 0.0536 0.0762 0.0512 0.0433 0.0334 0.0325 0.0319 0.0293 0.0279 0.0325 0.0325 0.0284 0.0310 0.0300 0.0259 0.0288 0.0333 0.0359 0.0365 0.0391 0.0430 0.0467 0.0503
06:59:16.857 [main] INFO  gov.nist.hla.te.marketagent.MarketAgent - R4_12_47_1_xfmr_123:House-3-vehicle sell transaction quantity 0.0000 0.0000 0.0000 0.0000 0.0000 0.0000 0.0000 0.0000 0.0000 0.3152 0.0000 0.0000 0.0464 0.0000 0.0000 0.0000 0.0000 0.0000 0.0000 0.0000 0.0000 0.0000 0.0000 0.0000
06:59:16.860 [main] INFO  gov.nist.hla.te.marketagent.MarketAgent - R4_12_47_1_xfmr_123:House-2-vehicle sell transaction price 0.0487 0.0536 0.0762 0.0512 0.0433 0.0334 0.0325 0.0319 0.0293 0.0279 0.0325 0.0325 0.0284 0.0310 0.0300 0.0259 0.0288 0.0333 0.0359 0.0365 0.0391 0.0430 0.0467 0.0503
06:59:16.860 [main] INFO  gov.nist.hla.te.marketagent.MarketAgent - R4_12_47_1_xfmr_123:House-2-vehicle sell transaction quantity 0.0000 0.0000 0.0000 0.0000 0.0000 0.0000 0.0000 0.0000 0.0000 0.1737 0.0000 0.0000 0.0000 0.0000 0.0000 0.0000 0.0000 0.0000 0.0000 0.0000 0.0000 0.0000 0.0000 0.0000
06:59:16.862 [main] INFO  gov.nist.hla.te.marketagent.MarketAgent - market_round 5
06:59:16.864 [main] INFO  gov.nist.hla.te.marketagent.MarketAgent - R4_12_47_1_xfmr_123 buy quote price 0.0487 0.0536 0.0762 0.0512 0.0433 0.0334 0.0325 0.0319 0.0293 0.0279 0.0325 0.0325 0.0284 0.0310 0.0300 0.0259 0.0288 0.0333 0.0359 0.0365 0.0391 0.0430 0.0467 0.0503
06:59:16.865 [main] INFO  gov.nist.hla.te.marketagent.MarketAgent - R4_12_47_1_xfmr_123 buy quote quantity 14.3845 13.2240 20.1023 26.3545 28.2197 29.5039 0.6374 0.6929 0.0380 4.5000 2.3867 1.1078 0.2546 29.8815 31.9060 16.5898 14.4797 13.2837 12.9866 14.8527 15.7928 16.3073 16.9024 17.4496
06:59:16.866 [main] INFO  gov.nist.hla.te.marketagent.MarketAgent - R4_12_47_1_xfmr_123 sell quote price 0.0487 0.0536 0.0762 0.0512 0.0433 0.0334 0.0325 0.0319 0.0293 0.0334 0.0325 0.0325 0.0284 0.0310 0.0300 0.0259 0.0288 0.0333 0.0359 0.0365 0.0391 0.0430 0.0467 0.0503
06:59:16.867 [main] INFO  gov.nist.hla.te.marketagent.MarketAgent - R4_12_47_1_xfmr_123 sell quote quantity 23.1155 24.2760 17.3977 11.1455 9.2803 7.9961 3.8626 3.8071 4.4620 3.7500 1.3633 2.6422 4.2454 7.6185 5.5940 20.9102 23.0203 24.2163 24.5134 22.6473 21.7072 21.1927 20.5976 20.0504
06:59:16.869 [main] INFO  gov.nist.hla.te.marketagent.MarketAgent - R4_12_47_1_xfmr_122 buy quote price 0.0487 0.0536 0.0762 0.0512 0.0433 0.0334 0.0298 0.0293 0.0269 0.0256 0.0249 0.0249 0.0261 0.0310 0.0300 0.0259 0.0288 0.0333 0.0359 0.0365 0.0391 0.0430 0.0467 0.0503
06:59:16.870 [main] INFO  gov.nist.hla.te.marketagent.MarketAgent - R4_12_47_1_xfmr_122 buy quote quantity 8.8407 8.4443 9.3755 10.1660 9.9372 10.2676 9.5883 9.6994 9.0950 9.2485 14.3435 9.2257 9.0301 8.7621 7.8037 7.7319 7.7919 8.2218 8.0242 8.1093 8.5087 9.0650 9.6564 10.0186
06:59:16.871 [main] INFO  gov.nist.hla.te.marketagent.MarketAgent - R4_12_47_1_xfmr_122 sell quote price 0.0487 0.0536 0.0762 0.0512 0.0433 0.0334 0.0298 0.0293 0.0269 0.0256 0.0249 0.0249 0.0261 0.0310 0.0300 0.0259 0.0288 0.0333 0.0359 0.0365 0.0391 0.0430 0.0467 0.0503
06:59:16.872 [main] INFO  gov.nist.hla.te.marketagent.MarketAgent - R4_12_47_1_xfmr_122 sell quote quantity 6.1593 6.5557 5.6245 4.8340 5.0628 4.7324 5.4117 5.3006 5.9050 5.7515 0.6565 5.7743 5.9699 6.2379 7.1963 7.2681 7.2081 6.7782 6.9758 6.8907 6.4913 5.9350 5.3436 4.9814
06:59:17.578 [main] INFO  gov.nist.hla.te.marketagent.MarketAgent - R4_12_47_1_xfmr_123:House-2-vehicle sell transaction price 0.0487 0.0536 0.0762 0.0512 0.0433 0.0334 0.0325 0.0319 0.0293 0.0334 0.0325 0.0325 0.0284 0.0310 0.0300 0.0259 0.0288 0.0333 0.0359 0.0365 0.0391 0.0430 0.0467 0.0503
06:59:17.578 [main] INFO  gov.nist.hla.te.marketagent.MarketAgent - R4_12_47_1_xfmr_123:House-2-vehicle sell transaction quantity 0.0000 0.0000 0.0000 0.0000 0.0000 0.0000 0.0000 0.0000 0.0000 0.0000 0.0000 0.0000 1.5083 0.0000 0.0000 0.0000 0.0000 0.0000 0.0000 0.0000 0.0000 0.0000 0.0000 0.0000
06:59:17.582 [main] INFO  gov.nist.hla.te.marketagent.MarketAgent - R4_12_47_1_xfmr_123:House-3-vehicle sell transaction price 0.0487 0.0536 0.0762 0.0512 0.0433 0.0334 0.0325 0.0319 0.0293 0.0334 0.0325 0.0325 0.0284 0.0310 0.0300 0.0259 0.0288 0.0333 0.0359 0.0365 0.0391 0.0430 0.0467 0.0503
06:59:17.582 [main] INFO  gov.nist.hla.te.marketagent.MarketAgent - R4_12_47_1_xfmr_123:House-3-vehicle sell transaction quantity 0.0000 0.0000 0.0000 0.0000 0.0000 0.0000 0.0000 0.0000 0.0000 0.0000 0.0000 0.0000 2.7371 0.0000 0.0000 0.0000 0.0000 0.0000 0.0000 0.0000 0.0000 0.0000 0.0000 0.0000
06:59:17.584 [main] INFO  gov.nist.hla.te.marketagent.MarketAgent - market_round 6
06:59:17.585 [main] INFO  gov.nist.hla.te.marketagent.MarketAgent - R4_12_47_1_xfmr_123 buy quote price 0.0487 0.0536 0.0762 0.0512 0.0433 0.0334 0.0325 0.0319 0.0293 0.0279 0.0325 0.0325 0.0284 0.0310 0.0300 0.0259 0.0288 0.0333 0.0359 0.0365 0.0391 0.0430 0.0467 0.0503
06:59:17.585 [main] INFO  gov.nist.hla.te.marketagent.MarketAgent - R4_12_47_1_xfmr_123 buy quote quantity 14.3845 13.2240 20.1023 26.3545 28.2197 29.5039 0.6374 0.6929 0.0380 4.5000 2.3867 1.1078 4.5000 29.8815 31.9060 16.5898 14.4797 13.2837 12.9866 14.8527 15.7928 16.3073 16.9024 17.4496
06:59:17.585 [main] INFO  gov.nist.hla.te.marketagent.MarketAgent - R4_12_47_1_xfmr_123 sell quote price 0.0487 0.0536 0.0762 0.0512 0.0433 0.0334 0.0325 0.0319 0.0293 0.0334 0.0325 0.0325 0.0340 0.0310 0.0300 0.0259 0.0288 0.0333 0.0359 0.0365 0.0391 0.0430 0.0467 0.0503
06:59:17.585 [main] INFO  gov.nist.hla.te.marketagent.MarketAgent - R4_12_47_1_xfmr_123 sell quote quantity 23.1155 24.2760 17.3977 11.1455 9.2803 7.9961 3.8626 3.8071 4.4620 3.7500 1.3633 2.6422 3.7500 7.6185 5.5940 20.9102 23.0203 24.2163 24.5134 22.6473 21.7072 21.1927 20.5976 20.0504
06:59:17.587 [main] INFO  gov.nist.hla.te.marketagent.MarketAgent - R4_12_47_1_xfmr_122 buy quote price 0.0487 0.0536 0.0762 0.0512 0.0433 0.0334 0.0298 0.0293 0.0269 0.0256 0.0249 0.0249 0.0261 0.0310 0.0300 0.0259 0.0288 0.0333 0.0359 0.0365 0.0391 0.0430 0.0467 0.0503
06:59:17.587 [main] INFO  gov.nist.hla.te.marketagent.MarketAgent - R4_12_47_1_xfmr_122 buy quote quantity 8.8407 8.4443 9.3755 10.1660 9.9372 10.2676 9.5883 9.6994 9.0950 9.2485 14.3435 9.2257 9.0301 8.7621 7.8037 7.7319 7.7919 8.2218 8.0242 8.1093 8.5087 9.0650 9.6564 10.0186
06:59:17.587 [main] INFO  gov.nist.hla.te.marketagent.MarketAgent - R4_12_47_1_xfmr_122 sell quote price 0.0487 0.0536 0.0762 0.0512 0.0433 0.0334 0.0298 0.0293 0.0269 0.0256 0.0249 0.0249 0.0261 0.0310 0.0300 0.0259 0.0288 0.0333 0.0359 0.0365 0.0391 0.0430 0.0467 0.0503
06:59:17.587 [main] INFO  gov.nist.hla.te.marketagent.MarketAgent - R4_12_47_1_xfmr_122 sell quote quantity 6.1593 6.5557 5.6245 4.8340 5.0628 4.7324 5.4117 5.3006 5.9050 5.7515 0.6565 5.7743 5.9699 6.2379 7.1963 7.2681 7.2081 6.7782 6.9758 6.8907 6.4913 5.9350 5.3436 4.9814
06:59:18.000 [main] INFO  gov.nist.hla.te.marketagent.MarketAgent - R4_12_47_1_xfmr_123:House-2-vehicle sell transaction price 0.0487 0.0536 0.0762 0.0512 0.0433 0.0334 0.0325 0.0319 0.0293 0.0334 0.0325 0.0325 0.0340 0.0310 0.0300 0.0259 0.0288 0.0333 0.0359 0.0365 0.0391 0.0430 0.0467 0.0503
06:59:18.000 [main] INFO  gov.nist.hla.te.marketagent.MarketAgent - R4_12_47_1_xfmr_123:House-2-vehicle sell transaction quantity 0.0000 0.0000 0.0000 0.0000 0.0000 0.0000 0.0000 0.0000 0.2181 0.0000 0.0000 0.0000 0.0000 0.0000 0.0000 0.0000 0.0000 0.0000 0.0000 0.0000 0.0000 0.0000 0.0000 0.0000
06:59:18.001 [main] INFO  gov.nist.hla.te.marketagent.MarketAgent - R4_12_47_1_xfmr_123:House-3-vehicle sell transaction price 0.0487 0.0536 0.0762 0.0512 0.0433 0.0334 0.0325 0.0319 0.0293 0.0334 0.0325 0.0325 0.0340 0.0310 0.0300 0.0259 0.0288 0.0333 0.0359 0.0365 0.0391 0.0430 0.0467 0.0503
06:59:18.001 [main] INFO  gov.nist.hla.te.marketagent.MarketAgent - R4_12_47_1_xfmr_123:House-3-vehicle sell transaction quantity 0.0000 0.0000 0.0000 0.0000 0.0000 0.0000 0.0000 0.0000 0.3958 0.0000 0.0000 0.0000 0.0000 0.0000 0.0000 0.0000 0.0000 0.0000 0.0000 0.0000 0.0000 0.0000 0.0000 0.0000
06:59:18.002 [main] INFO  gov.nist.hla.te.marketagent.MarketAgent - market_round 7
06:59:18.003 [main] INFO  gov.nist.hla.te.marketagent.MarketAgent - R4_12_47_1_xfmr_123 buy quote price 0.0487 0.0536 0.0762 0.0512 0.0433 0.0334 0.0325 0.0319 0.0293 0.0279 0.0325 0.0325 0.0284 0.0310 0.0300 0.0259 0.0288 0.0333 0.0359 0.0365 0.0391 0.0430 0.0467 0.0503
06:59:18.004 [main] INFO  gov.nist.hla.te.marketagent.MarketAgent - R4_12_47_1_xfmr_123 buy quote quantity 14.3845 13.2240 20.1023 26.3545 28.2197 29.5039 0.6374 0.6929 0.6519 4.5000 2.3867 1.1078 4.5000 29.8815 31.9060 16.5898 14.4797 13.2837 12.9866 14.8527 15.7928 16.3073 16.9024 17.4496
06:59:18.004 [main] INFO  gov.nist.hla.te.marketagent.MarketAgent - R4_12_47_1_xfmr_123 sell quote price 0.0487 0.0536 0.0762 0.0512 0.0433 0.0334 0.0325 0.0319 0.0293 0.0334 0.0325 0.0325 0.0340 0.0310 0.0300 0.0259 0.0288 0.0333 0.0359 0.0365 0.0391 0.0430 0.0467 0.0503
06:59:18.004 [main] INFO  gov.nist.hla.te.marketagent.MarketAgent - R4_12_47_1_xfmr_123 sell quote quantity 23.1155 24.2760 17.3977 11.1455 9.2803 7.9961 3.8626 3.8071 3.8481 3.7500 1.3633 2.6422 3.7500 7.6185 5.5940 20.9102 23.0203 24.2163 24.5134 22.6473 21.7072 21.1927 20.5976 20.0504
06:59:18.005 [main] INFO  gov.nist.hla.te.marketagent.MarketAgent - R4_12_47_1_xfmr_122 buy quote price 0.0487 0.0536 0.0762 0.0512 0.0433 0.0334 0.0298 0.0293 0.0269 0.0256 0.0249 0.0249 0.0261 0.0310 0.0300 0.0259 0.0288 0.0333 0.0359 0.0365 0.0391 0.0430 0.0467 0.0503
06:59:18.005 [main] INFO  gov.nist.hla.te.marketagent.MarketAgent - R4_12_47_1_xfmr_122 buy quote quantity 8.8407 8.4443 9.3755 10.1660 9.9372 10.2676 9.5883 9.6994 9.0950 9.2485 14.3435 9.2257 9.0301 8.7621 7.8037 7.7319 7.7919 8.2218 8.0242 8.1093 8.5087 9.0650 9.6564 10.0186
06:59:18.007 [main] INFO  gov.nist.hla.te.marketagent.MarketAgent - R4_12_47_1_xfmr_122 sell quote price 0.0487 0.0536 0.0762 0.0512 0.0433 0.0334 0.0298 0.0293 0.0269 0.0256 0.0249 0.0249 0.0261 0.0310 0.0300 0.0259 0.0288 0.0333 0.0359 0.0365 0.0391 0.0430 0.0467 0.0503
06:59:18.007 [main] INFO  gov.nist.hla.te.marketagent.MarketAgent - R4_12_47_1_xfmr_122 sell quote quantity 6.1593 6.5557 5.6245 4.8340 5.0628 4.7324 5.4117 5.3006 5.9050 5.7515 0.6565 5.7743 5.9699 6.2379 7.1963 7.2681 7.2081 6.7782 6.9758 6.8907 6.4913 5.9350 5.3436 4.9814
06:59:18.420 [main] INFO  gov.nist.hla.te.marketagent.MarketAgent - market_round 8
06:59:18.421 [main] INFO  gov.nist.hla.te.marketagent.MarketAgent - R4_12_47_1_xfmr_123 buy quote price 0.0487 0.0536 0.0762 0.0512 0.0433 0.0334 0.0325 0.0319 0.0293 0.0279 0.0325 0.0325 0.0284 0.0310 0.0300 0.0259 0.0288 0.0333 0.0359 0.0365 0.0391 0.0430 0.0467 0.0503
06:59:18.421 [main] INFO  gov.nist.hla.te.marketagent.MarketAgent - R4_12_47_1_xfmr_123 buy quote quantity 14.3845 13.2240 20.1023 26.3545 28.2197 29.5039 0.6374 0.6929 0.6519 4.5000 2.3867 1.1078 4.5000 29.8815 31.9060 16.5898 14.4797 13.2837 12.9866 14.8527 15.7928 16.3073 16.9024 17.4496
06:59:18.422 [main] INFO  gov.nist.hla.te.marketagent.MarketAgent - R4_12_47_1_xfmr_123 sell quote price 0.0487 0.0536 0.0762 0.0512 0.0433 0.0334 0.0325 0.0319 0.0293 0.0334 0.0325 0.0325 0.0340 0.0310 0.0300 0.0259 0.0288 0.0333 0.0359 0.0365 0.0391 0.0430 0.0467 0.0503
06:59:18.422 [main] INFO  gov.nist.hla.te.marketagent.MarketAgent - R4_12_47_1_xfmr_123 sell quote quantity 23.1155 24.2760 17.3977 11.1455 9.2803 7.9961 3.8626 3.8071 3.8481 3.7500 1.3633 2.6422 3.7500 7.6185 5.5940 20.9102 23.0203 24.2163 24.5134 22.6473 21.7072 21.1927 20.5976 20.0504
06:59:18.422 [main] INFO  gov.nist.hla.te.marketagent.MarketAgent - R4_12_47_1_xfmr_122 buy quote price 0.0487 0.0536 0.0762 0.0512 0.0433 0.0334 0.0298 0.0293 0.0269 0.0256 0.0249 0.0249 0.0261 0.0310 0.0300 0.0259 0.0288 0.0333 0.0359 0.0365 0.0391 0.0430 0.0467 0.0503
06:59:18.422 [main] INFO  gov.nist.hla.te.marketagent.MarketAgent - R4_12_47_1_xfmr_122 buy quote quantity 8.8407 8.4443 9.3755 10.1660 9.9372 10.2676 9.5883 9.6994 9.0950 9.2485 14.3435 9.2257 9.0301 8.7621 7.8037 7.7319 7.7919 8.2218 8.0242 8.1093 8.5087 9.0650 9.6564 10.0186
06:59:18.423 [main] INFO  gov.nist.hla.te.marketagent.MarketAgent - R4_12_47_1_xfmr_122 sell quote price 0.0487 0.0536 0.0762 0.0512 0.0433 0.0334 0.0298 0.0293 0.0269 0.0256 0.0249 0.0249 0.0261 0.0310 0.0300 0.0259 0.0288 0.0333 0.0359 0.0365 0.0391 0.0430 0.0467 0.0503
06:59:18.424 [main] INFO  gov.nist.hla.te.marketagent.MarketAgent - R4_12_47_1_xfmr_122 sell quote quantity 6.1593 6.5557 5.6245 4.8340 5.0628 4.7324 5.4117 5.3006 5.9050 5.7515 0.6565 5.7743 5.9699 6.2379 7.1963 7.2681 7.2081 6.7782 6.9758 6.8907 6.4913 5.9350 5.3436 4.9814
06:59:18.838 [main] INFO  gov.nist.hla.te.marketagent.MarketAgent - market closed
06:59:19.078 [main] INFO  gov.nist.hla.te.marketagent.MarketAgent - t = 1.0 / 2017-07-05T17:15-07:00[America/Phoenix]
06:59:19.892 [main] INFO  gov.nist.hla.te.marketagent.MarketAgent - t = 2.0 / 2017-07-05T17:30-07:00[America/Phoenix]
06:59:20.699 [main] INFO  gov.nist.hla.te.marketagent.MarketAgent - t = 3.0 / 2017-07-05T17:45-07:00[America/Phoenix]
